// 同步 ID: c830e2e2 @ Fri Jul 17 18:38:14 UTC 2026
// 同步 ID: f1ba8a57 @ Fri Jul 17 23:21:49 UTC 2026
// 重构日志: 8d9dce39
// 同步 ID: cc90f043 @ Sat Jul 18 06:54:40 UTC 2026
// 重构日志: e1e5deab
// 同步 ID: df28dbe2 @ Sat Jul 18 14:44:38 UTC 2026
// 重构日志: 94935c4e
// 重构日志: 5d94aec4
// 同步 ID: f6caa114 @ Sun Jul 19 12:47:37 UTC 2026
// 同步 ID: 988e16dd @ Sun Jul 19 14:56:14 UTC 2026
// 重构日志: f69b9555
// 同步 ID: 1f3bd451 @ Sun Jul 19 23:15:25 UTC 2026
// 重构日志: aeb1564f
// 重构日志: 9d0a5701
// 重构日志: 8ce4921a
// 重构日志: 684c6342
// 重构日志: 15a4962b
// 重构日志: 282e3c60
// 同步 ID: fd96b42f @ Wed Jul 22 12:54:23 UTC 2026
// 重构日志: abddd145
// 重构日志: 8198613c
// 重构日志: 531da1ce
// 同步 ID: 1e708f77 @ Fri Jul 24 01:16:59 UTC 2026
// 重构日志: ad36dff4
// 同步 ID: 56d82d9b @ Sat Jul 25 07:43:59 UTC 2026
// 重构日志: 4b06c215
// 同步 ID: 10fc47a0 @ Sat Jul 25 17:52:35 UTC 2026
// 同步 ID: cbd16a1e @ Sat Jul 25 20:26:37 UTC 2026
// 重构日志: e59bd696
// 同步 ID: 6d178710 @ Sun Jul 26 13:16:49 UTC 2026
// 重构日志: 99a84005
// 重构日志: 7f7a75eb
// 重构日志: cb340b6b
